// Jest Snapshot v1, https://goo.gl/fbAQLP

exports[`App should match snapshop 1`] = `
<div
  className="MuiContainer-root MuiContainer-maxWidthSm css-cuefkz-MuiContainer-root"
>
  <div
    className="MuiBox-root css-zitybv"
  >
    <h1
      className="MuiTypography-root MuiTypography-h4 MuiTypography-gutterBottom css-1vw6mcs-MuiTypography-root"
    >
      Material UI Create React App example in TypeScript
    </h1>
    ProTip
    <p
      className="MuiTypography-root MuiTypography-body2 MuiTypography-alignCenter css-1vl95ex-MuiTypography-root"
    >
      Copyright Â© 
      <a
        className="MuiTypography-root MuiTypography-inherit MuiLink-root MuiLink-underlineAlways css-1cghntr-MuiTypography-root-MuiLink-root"
        href="https://mui.com/"
        onBlur={[Function]}
        onFocus={[Function]}
      >
        Your Website
      </a>
       
      2023
      .
    </p>
  </div>
</div>
`;
